// Vitest Snapshot v1, https://vitest.dev/guide/snapshot.html

exports[`AddressMap > renders nothing when no address is provided 1`] = `null`;
