// Vitest Snapshot v1, https://vitest.dev/guide/snapshot.html

exports[`FAQListItem > expands and collapses the accordion 1`] = `Screen {}`;
