// Vitest Snapshot v1, https://vitest.dev/guide/snapshot.html

exports[`renders DefaultSearchResult component correctly 1`] = `Screen {}`;
