// Vitest Snapshot v1, https://vitest.dev/guide/snapshot.html

exports[`DialogBox Component > renders Terminate button text correctly 1`] = `Screen {}`;
