// Vitest Snapshot v1, https://vitest.dev/guide/snapshot.html

exports[`does not render step labels when width <= 600 1`] = `Screen {}`;
