// Vitest Snapshot v1, https://vitest.dev/guide/snapshot.html

exports[`GenericInputField > renders input field with error state if error prop is true 1`] = `Screen {}`;
