// Vitest Snapshot v1, https://vitest.dev/guide/snapshot.html

exports[`ButtonAppBar > renders the menu button when the viewport width is less than or equal to 900 1`] = `Screen {}`;
