// Vitest Snapshot v1, https://vitest.dev/guide/snapshot.html

exports[`IbanInput > should not set error for valid IBAN 1`] = `Screen {}`;
