// Vitest Snapshot v1, https://vitest.dev/guide/snapshot.html

exports[`LoginLayout > renders its children correctly 1`] = `Screen {}`;
