// Vitest Snapshot v1, https://vitest.dev/guide/snapshot.html

exports[`renders NoSearchResult component 1`] = `Screen {}`;
